// Jest Snapshot v1, https://goo.gl/fbAQLP

exports[`renders without crashing renders correctly 1`] = `
<section
  className="home"
>
  <div
    className="content"
  >
    <div
      className="home-content"
    >
      <div
        className="home-hero-wrapper"
      >
        <img
          alt="ric"
          className="lazy"
          data-src="me.jpg"
          id="home-hero-image"
          src="me_placeholder.png"
        />
      </div>
      <div
        className="home-description materialize"
      >
        <h1>
          Ricardo Marques
        </h1>
        <span
          className="home-sub-title"
        >
          Full Stack Developer
        </span>
        <p>
          I specialize in Objected Oriented Development and Web Development. I stand for quality and love spending time optimizing every little piece of code.
        </p>
        <div
          className="home-buttons"
        >
          <button
            className="ant-btn ant-btn-primary ant-btn-lg"
            onClick={[Function]}
            type="button"
          >
            <span
              aria-label="mail"
              className="anticon anticon-mail"
              role="img"
            >
              <svg
                aria-hidden="true"
                className=""
                data-icon="mail"
                fill="currentColor"
                focusable="false"
                height="1em"
                viewBox="64 64 896 896"
                width="1em"
              >
                <path
                  d="M928 160H96c-17.7 0-32 14.3-32 32v640c0 17.7 14.3 32 32 32h832c17.7 0 32-14.3 32-32V192c0-17.7-14.3-32-32-32zm-40 110.8V792H136V270.8l-27.6-21.5 39.3-50.5 42.8 33.3h643.1l42.8-33.3 39.3 50.5-27.7 21.5zM833.6 232L512 482 190.4 232l-42.8-33.3-39.3 50.5 27.6 21.5 341.6 265.6a55.99 55.99 0 0068.7 0L888 270.8l27.6-21.5-39.3-50.5-42.7 33.2z"
                />
              </svg>
            </span>
            <span>
              Contact me
            </span>
          </button>
        </div>
      </div>
    </div>
  </div>
</section>
`;
